
# Example 02 : build and zero rebuild

jenga build -a
A: echo '02.sh\ndefs.h\njenga.exe\nfib.c\n.cache\nmain.c\nfib.h\ncc.jenga\njenga\n02\nREADME\nbuild.jenga' | grep '.c$' > c.files
A: cat c.files | sed 's|\(.*\).c$|\1.d : \1.c : gcc -MG -MM \1.c -MF \1.d|' > d.rules
A: echo gcc $(test -f cflags && cat cflags) > gcc.runner
A: cat c.files | sed "s|\(.*\).c$|\1.o : @\1.d : $(cat gcc.runner) -c \1.c -o \1.o|" > o.rules
A: cat c.files | sed 's|\(.*\).c|\1.o|' > o.files
A: echo main.exe : @o.files : gcc $(cat o.files) -o main.exe > link.rule
A: gcc -MG -MM fib.c -MF fib.d
A: gcc -c fib.c -o fib.o
A: gcc -MG -MM main.c -MF main.d
A: gcc -c main.c -o main.o
A: gcc fib.o main.o -o main.exe
checked 11 targets
ran 11 commands

jenga build -a
checked 11 targets
