
# Build
jenga build -a
A: echo -n A > a
A: echo -n B  > b
A: echo -n C > c
A: cat a b > ab
A: cat b c > bc
A: echo $(cat ab bc) > top
ran 6 commands
checked 6 rules

# Materialize and show top output
jenga cat -a top
checked 6 rules
ABBC

# See memoization when building; No target is "Require"d more than once
jenga build -a --show-demand
B: Require: a
B: Require: b
B: Require: c
B: Require: ab
B: Require: bc
B: Require: top
checked 6 rules
