
# Build
jenga build -a
A: gcc -MG -MM main.c > main.d
A: gcc -c main.c -o main.o
A: gcc -MG -MM fib.c > fib.d
A: gcc -c fib.c -o fib.o
A: gcc fib.o main.o -o main.exe
ran 5 commands
checked 5 rules

# Run
jenga exec main.exe
checked 5 rules
hello, 144 world with scanner deps

# Inspect the generated deps
jenga cat main.d
checked 1 rule
main.o: main.c fib.h defs.h
jenga cat fib.d
checked 1 rule
fib.o: fib.c fib.h

# Make a change
rm defs.h
echo '#define MY_CONST 13' > defs.h

# rebuild
jenga build -a
A: gcc -c main.c -o main.o
A: gcc fib.o main.o -o main.exe
ran 2 commands
checked 5 rules

# Rerun
jenga exec -a main.exe
checked 5 rules
hello, 233 world with scanner deps
