
# Build
jenga build -a
A: (echo -n 'main.d '; gcc -MG -MM main.c) > main.d2
A: gcc -MG -MM main.c > main.d
A: gcc -c main.c -o main.o
A: gcc -MG -MM fib.c > fib.d
A: gcc -c fib.c -o fib.o
A: gcc fib.o main.o -o main.exe
ran 6 commands
checked 6 rules

# Run
jenga exec main.exe
checked 6 rules
hello, 55 world with #include chain

# Mod-A (change const value)
rm defs2.h && echo '#define MY_CONST 11' > defs2.h
jenga exec main.exe
ran 2 commands
checked 6 rules
hello, 89 world with #include chain

# Mod-B (shorten the chain)
rm defs.h && echo '#define MY_CONST 12' > defs.h
jenga exec main.exe
ran 3 commands
checked 6 rules
hello, 144 world with #include chain

# Mod-C (repoint the chain)
echo '#define MY_CONST 13' > defs3.h
echo '#include "defs3.h"' > defs.h
jenga exec main.exe
ran 3 commands
checked 6 rules
hello, 233 world with #include chain
