
# Build
jenga build -a
A: echo -n A > a
A: echo -n B > b
A: cat a b > ab
checked 3 targets
ran 3 commands

# See Targets
jenga build --list-targets
ab
b
a

# Materialize & view
jenga build --materialize
checked 3 targets
find ,jenga | sort | xargs grep ^
grep: ,jenga: Is a directory
,jenga/a:A
,jenga/ab:AB
,jenga/b:B
